ros setup
sudo apt-get update && sudo apt-get upgrade -y 

source /opt/ros/kinetic/setup.bash

mkdir -p /home/workspace/catkin_ws/src
cd /home/workspace/catkin_ws/src
catkin_init_workspace
cd /home/workspace/catkin_ws
catkin_make
source devel/setup.bash

$ cd /home/workspace/catkin_ws/src/
$ git clone -b first_interaction https://github.com/udacity/RoboND-simple_arm/ simple_arm
git clone -b origin https://github.com/Wubuntu88/UdacityRobotics-myrobot/ go-chase-it
git clone -b origin https://github.com/Wubuntu88/UdacityRobotics-myrobot/ .

$ cd /home/workspace/catkin_ws/
$ catkin_make

may solve an error: "Could not find a package configuration file provided by controller_manager"
$ sudo apt-get install ros-kinetic-controller-manage

# setup my_robot package:
cd /home/workspace/catkin_ws/src/
catkin_create_pkg my_robot

# setup ball_chaser package:
cd /home/workspace/catkin_ws/src/
catkin_create_pkg ball_chaser roscpp std_msgs message_generation

RViz
cd /home/workspace/catkin_ws/
source devel/setup.bash
roslaunch my_robot world.launch

# spin up roscore
roscore
# run rviz
rosrun rviz rviz

# spin up drive_bot node
cd /home/workspace/catkin_ws/
source devel/setup.bash
roslaunch ball_chaser ball_chaser.launch

# to drive it, open a new terminal.
cd /home/workspace/catkin_ws/
source devel/setup.bash
rostopic pub /cmd_vel geometry_msgs/Twist  "linear:
  x: 0.1
  y: 0.0
  z: 0.0
angular:
  x: 0.0
  y: 0.0
  z: 0.1" 